#
# There is insufficient memory for the Java Runtime Environment to continue.
# Native memory allocation (malloc) failed to allocate 1048576 bytes. Error detail: AllocateHeap
# Possible reasons:
#   The system is out of physical RAM or swap space
#   This process is running with CompressedOops enabled, and the Java Heap may be blocking the growth of the native heap
# Possible solutions:
#   Reduce memory load on the system
#   Increase physical memory or swap space
#   Check if swap backing store is full
#   Decrease Java heap size (-Xmx/-Xms)
#   Decrease number of Java threads
#   Decrease Java thread stack sizes (-Xss)
#   Set larger code cache with -XX:ReservedCodeCacheSize=
#   JVM is running with Unscaled Compressed Oops mode in which the Java heap is
#     placed in the first 4GB address space. The Java Heap base address is the
#     maximum limit for the native heap growth. Please use -XX:HeapBaseMinAddress
#     to set the Java Heap base and to place the Java Heap above 4GB virtual address.
# This output file may be truncated or incomplete.
#
#  Out of Memory Error (allocation.cpp:44), pid=22336, tid=15588
#
# JRE version: OpenJDK Runtime Environment Temurin-21.0.12.1+1 (21.0.12.1+1) (build 21.0.12.1+1-LTS)
# Java VM: OpenJDK 64-Bit Server VM Temurin-21.0.12.1+1 (21.0.12.1+1-LTS, mixed mode, sharing, tiered, compressed oops, compressed class ptrs, parallel gc, windows-amd64)
# No core dump will be written. Minidumps are not enabled by default on client versions of Windows
#

---------------  S U M M A R Y ------------

Command Line: --add-modules=ALL-SYSTEM --add-opens=java.base/java.util=ALL-UNNAMED --add-opens=java.base/java.lang=ALL-UNNAMED --add-opens=java.base/sun.nio.fs=ALL-UNNAMED -Declipse.application=org.eclipse.jdt.ls.core.id1 -Dosgi.bundles.defaultStartLevel=4 -Declipse.product=org.eclipse.jdt.ls.core.product -Djava.import.generatesMetadataFilesAtProjectRoot=false -Dm2e.project.cache.size=50 -DDetectVMInstallationsJob.disabled=true -Dfile.encoding=utf8 -XX:+UseParallelGC -XX:GCTimeRatio=4 -XX:AdaptiveSizePolicyWeight=90 -Dsun.zip.disableMemoryMapping=true -Xmx2G -Xms100m -Xlog:disable -javaagent:c:\Users\Lenovo\.vscode\extensions\redhat.java-1.56.0-win32-x64\lombok\lombok-1.18.39-4050.jar -XX:+HeapDumpOnOutOfMemoryError -XX:HeapDumpPath=c:\Users\Lenovo\AppData\Roaming\Code\User\workspaceStorage\f4a6fd43eeb16c528683ee9340919e75\redhat.java -Daether.dependencyCollector.impl=bf c:\Users\Lenovo\.vscode\extensions\redhat.java-1.56.0-win32-x64\server\plugins\org.eclipse.equinox.launcher_1.8.0.v20260804-1928.jar -configuration c:\Users\Lenovo\AppData\Roaming\Code\User\globalStorage\redhat.java\1.56.0\config_win -data c:\Users\Lenovo\AppData\Roaming\Code\User\workspaceStorage\f4a6fd43eeb16c528683ee9340919e75\redhat.java\jdt_ws --pipe=\\.\pipe\lsp-bfd47aed5b57ae6858e39ff82ad102cb-sock

Host: Intel(R) Core(TM) i5-10300H CPU @ 2.50GHz, 8 cores, 7G,  Windows 11 , 64 bit Build 26100 (10.0.26100.9444)
Time: Thu Sep 10 15:37:30 2026 India Standard Time elapsed time: 681.578672 seconds (0d 0h 11m 21s)

---------------  T H R E A D  ---------------

Current thread (0x0000029350c79570):  JavaThread "Attach Listener" daemon [_thread_in_vm, id=15588, stack(0x000000be23500000,0x000000be23600000) (1024K)]

Stack: [0x000000be23500000,0x000000be23600000]
Native frames: (J=compiled Java code, j=interpreted, Vv=VM code, C=native code)
V  [jvm.dll+0x6d83e9]
V  [jvm.dll+0x8b5736]
V  [jvm.dll+0x8b7cee]
V  [jvm.dll+0x8b83d3]
V  [jvm.dll+0x284596]
V  [jvm.dll+0xc13c7]
V  [jvm.dll+0x6d8c99]
V  [jvm.dll+0x133616]
V  [jvm.dll+0x3f8aae]
V  [jvm.dll+0x8600cd]
V  [jvm.dll+0x6d6c1d]
C  [ucrtbase.dll+0x2cd30]
C  [KERNEL32.DLL+0x2cd87]
C  [ntdll.dll+0xacaec]


---------------  P R O C E S S  ---------------

Threads class SMR info:
_java_thread_list=0x000002936de39ec0, length=38, elements={
0x0000029350cfd320, 0x0000029350dbd940, 0x0000029350c75b00, 0x0000029350c78910,
0x0000029350c79570, 0x0000029350c7c620, 0x0000029350c8aac0, 0x0000029350c98990,
0x0000029350c9b9a0, 0x000002936d249650, 0x000002936d249ce0, 0x000002936d24a370,
0x000002936d248fc0, 0x000002936dd24aa0, 0x000002936dd22340, 0x000002936dd25130,
0x000002936dd229d0, 0x000002936dd257c0, 0x000002936dd23060, 0x000002936dd26b70,
0x000002936dd24410, 0x000002936dd292d0, 0x000002936dd29960, 0x000002936dd27f20,
0x000002936dd28c40, 0x000002936dd285b0, 0x00000293707a7a00, 0x00000293707a5fc0,
0x00000293707a6650, 0x00000293707aa160, 0x00000293707a8db0, 0x00000293707a8090,
0x00000293707a7370, 0x000002937118ddf0, 0x0000029371190550, 0x000002937118e480,
0x000002937118eb10, 0x000002937118fec0
}

Java Threads: ( => current thread )
  0x0000029350cfd320 JavaThread "main"                              [_thread_blocked, id=22164, stack(0x000000be22e00000,0x000000be22f00000) (1024K)]
  0x0000029350dbd940 JavaThread "Reference Handler"          daemon [_thread_blocked, id=2908, stack(0x000000be23200000,0x000000be23300000) (1024K)]
  0x0000029350c75b00 JavaThread "Finalizer"                  daemon [_thread_blocked, id=22320, stack(0x000000be23300000,0x000000be23400000) (1024K)]
  0x0000029350c78910 JavaThread "Signal Dispatcher"          daemon [_thread_blocked, id=10040, stack(0x000000be23400000,0x000000be23500000) (1024K)]
=>0x0000029350c79570 JavaThread "Attach Listener"            daemon [_thread_in_vm, id=15588, stack(0x000000be23500000,0x000000be23600000) (1024K)]
  0x0000029350c7c620 JavaThread "Service Thread"             daemon [_thread_blocked, id=10020, stack(0x000000be23600000,0x000000be23700000) (1024K)]
  0x0000029350c8aac0 JavaThread "Monitor Deflation Thread"   daemon [_thread_blocked, id=20108, stack(0x000000be23700000,0x000000be23800000) (1024K)]
  0x0000029350c98990 JavaThread "C2 CompilerThread0"         daemon [_thread_blocked, id=10060, stack(0x000000be23800000,0x000000be23900000) (1024K)]
  0x0000029350c9b9a0 JavaThread "C1 CompilerThread0"         daemon [_thread_blocked, id=13220, stack(0x000000be23900000,0x000000be23a00000) (1024K)]
  0x000002936d249650 JavaThread "Common-Cleaner"             daemon [_thread_blocked, id=20692, stack(0x000000be23b00000,0x000000be23c00000) (1024K)]
  0x000002936d249ce0 JavaThread "Notification Thread"        daemon [_thread_blocked, id=20836, stack(0x000000be23c00000,0x000000be23d00000) (1024K)]
  0x000002936d24a370 JavaThread "Active Thread: Equinox Container: 3e98d916-3a01-478b-97b2-312d68c10b8f"        [_thread_blocked, id=22540, stack(0x000000be24400000,0x000000be24500000) (1024K)]
  0x000002936d248fc0 JavaThread "Refresh Thread: Equinox Container: 3e98d916-3a01-478b-97b2-312d68c10b8f" daemon [_thread_blocked, id=13652, stack(0x000000be24600000,0x000000be24700000) (1024K)]
  0x000002936dd24aa0 JavaThread "Framework Event Dispatcher: Equinox Container: 3e98d916-3a01-478b-97b2-312d68c10b8f" daemon [_thread_blocked, id=16920, stack(0x000000be24700000,0x000000be24800000) (1024K)]
  0x000002936dd22340 JavaThread "Start Level: Equinox Container: 3e98d916-3a01-478b-97b2-312d68c10b8f" daemon [_thread_blocked, id=5480, stack(0x000000be24800000,0x000000be24900000) (1024K)]
  0x000002936dd25130 JavaThread "Bundle File Closer"         daemon [_thread_blocked, id=11108, stack(0x000000be24900000,0x000000be24a00000) (1024K)]
  0x000002936dd229d0 JavaThread "SCR Component Actor"        daemon [_thread_blocked, id=22128, stack(0x000000be23a00000,0x000000be23b00000) (1024K)]
  0x000002936dd257c0 JavaThread "Worker-JM"                         [_thread_blocked, id=21236, stack(0x000000be24a00000,0x000000be24b00000) (1024K)]
  0x000002936dd23060 JavaThread "Java indexing"              daemon [_thread_blocked, id=22236, stack(0x000000be24d00000,0x000000be24e00000) (1024K)]
  0x000002936dd26b70 JavaThread "JNA Cleaner"                daemon [_thread_blocked, id=12600, stack(0x000000be24e00000,0x000000be24f00000) (1024K)]
  0x000002936dd24410 JavaThread "Worker-6"                          [_thread_blocked, id=10152, stack(0x000000be25500000,0x000000be25600000) (1024K)]
  0x000002936dd292d0 JavaThread "Thread-1"                   daemon [_thread_in_native, id=22960, stack(0x000000be25700000,0x000000be25800000) (1024K)]
  0x000002936dd29960 JavaThread "Thread-2"                   daemon [_thread_in_native, id=12480, stack(0x000000be25800000,0x000000be25900000) (1024K)]
  0x000002936dd27f20 JavaThread "Thread-3"                   daemon [_thread_in_native, id=21888, stack(0x000000be25900000,0x000000be25a00000) (1024K)]
  0x000002936dd28c40 JavaThread "Thread-4"                   daemon [_thread_in_native, id=14960, stack(0x000000be25a00000,0x000000be25b00000) (1024K)]
  0x000002936dd285b0 JavaThread "Thread-5"                   daemon [_thread_in_native, id=13612, stack(0x000000be25b00000,0x000000be25c00000) (1024K)]
  0x00000293707a7a00 JavaThread "Thread-6"                   daemon [_thread_in_native, id=13416, stack(0x000000be25c00000,0x000000be25d00000) (1024K)]
  0x00000293707a5fc0 JavaThread "Thread-7"                   daemon [_thread_in_native, id=17724, stack(0x000000be25d00000,0x000000be25e00000) (1024K)]
  0x00000293707a6650 JavaThread "Thread-8"                   daemon [_thread_in_native, id=4512, stack(0x000000be25e00000,0x000000be25f00000) (1024K)]
  0x00000293707aa160 JavaThread "Thread-9"                   daemon [_thread_in_native, id=3920, stack(0x000000be25f00000,0x000000be26000000) (1024K)]
  0x00000293707a8db0 JavaThread "pool-2-thread-1"                   [_thread_blocked, id=22356, stack(0x000000be26000000,0x000000be26100000) (1024K)]
  0x00000293707a8090 JavaThread "WorkspaceEventsHandler"            [_thread_blocked, id=6848, stack(0x000000be26100000,0x000000be26200000) (1024K)]
  0x00000293707a7370 JavaThread "pool-1-thread-1"                   [_thread_blocked, id=23344, stack(0x000000be26200000,0x000000be26300000) (1024K)]
  0x000002937118ddf0 JavaThread "PatternSearchJob-worker-1"  daemon [_thread_blocked, id=2284, stack(0x000000be27a00000,0x000000be27b00000) (1024K)]
  0x0000029371190550 JavaThread "PatternSearchJob-worker-2"  daemon [_thread_blocked, id=20148, stack(0x000000be27b00000,0x000000be27c00000) (1024K)]
  0x000002937118e480 JavaThread "PatternSearchJob-worker-3"  daemon [_thread_blocked, id=14492, stack(0x000000be27c00000,0x000000be27d00000) (1024K)]
  0x000002937118eb10 JavaThread "Cleaner-0"                  daemon [_thread_blocked, id=11420, stack(0x000000be26400000,0x000000be26500000) (1024K)]
  0x000002937118fec0 JavaThread "Worker-9"                          [_thread_blocked, id=12552, stack(0x000000be24c00000,0x000000be24d00000) (1024K)]
Total: 38

Other Threads:
  0x0000029350c71450 VMThread "VM Thread"                           [id=21128, stack(0x000000be23100000,0x000000be23200000) (1024K)]
  0x0000029350b8ca00 WatcherThread "VM Periodic Task Thread"        [id=3664, stack(0x000000be23000000,0x000000be23100000) (1024K)]
  0x0000029350d1b680 WorkerThread "GC Thread#0"                     [id=23256, stack(0x000000be22f00000,0x000000be23000000) (1024K)]
  0x000002936d5068c0 WorkerThread "GC Thread#1"                     [id=12308, stack(0x000000be23e00000,0x000000be23f00000) (1024K)]
  0x000002936d3bcc20 WorkerThread "GC Thread#2"                     [id=19480, stack(0x000000be23f00000,0x000000be24000000) (1024K)]
  0x000002936d3bcfd0 WorkerThread "GC Thread#3"                     [id=16636, stack(0x000000be24000000,0x000000be24100000) (1024K)]
  0x000002936d7e13e0 WorkerThread "GC Thread#4"                     [id=16128, stack(0x000000be24100000,0x000000be24200000) (1024K)]
  0x000002936d7e1790 WorkerThread "GC Thread#5"                     [id=21816, stack(0x000000be24200000,0x000000be24300000) (1024K)]
  0x000002936d7e1b40 WorkerThread "GC Thread#6"                     [id=22508, stack(0x000000be24300000,0x000000be24400000) (1024K)]
  0x000002936dd80840 WorkerThread "GC Thread#7"                     [id=1564, stack(0x000000be24500000,0x000000be24600000) (1024K)]
Total: 10

Threads with active compile tasks:
Total: 0

VM state: not at safepoint (normal execution)

VM Mutex/Monitor currently owned by a thread: None

Heap address: 0x0000000080000000, size: 2048 MB, Compressed Oops mode: 32-bit

CDS archive(s) mapped at: [0x0000029300000000-0x0000029300ba0000-0x0000029300ba0000), size 12189696, SharedBaseAddress: 0x0000029300000000, ArchiveRelocationMode: 1.
Compressed class space mapped at: 0x0000029301000000-0x0000029341000000, reserved size: 1073741824
Narrow klass base: 0x0000029300000000, Narrow klass shift: 0, Narrow klass range: 0x100000000

GC Precious Log:
 CardTable entry size: 512
 CPUs: 8 total, 8 available
 Memory: 8059M
 Large Page Support: Disabled
 NUMA Support: Disabled
 Compressed Oops: Enabled (32-bit)
 Alignments: Space 512K, Generation 512K, Heap 2M
 Heap Min Capacity: 100M
 Heap Initial Capacity: 100M
 Heap Max Capacity: 2G
 Pre-touch: Disabled
 Parallel Workers: 8

Heap:
 PSYoungGen      total 8192K, used 3890K [0x00000000d5580000, 0x00000000d6280000, 0x0000000100000000)
  eden space 7680K, 47% used [0x00000000d5580000,0x00000000d5907f58,0x00000000d5d00000)
  from space 512K, 53% used [0x00000000d6200000,0x00000000d6244900,0x00000000d6280000)
  to   space 1536K, 0% used [0x00000000d5f80000,0x00000000d5f80000,0x00000000d6100000)
 ParOldGen       total 442368K, used 441946K [0x0000000080000000, 0x000000009b000000, 0x00000000d5580000)
  object space 442368K, 99% used [0x0000000080000000,0x000000009af96a30,0x000000009b000000)
 Metaspace       used 73661K, committed 75072K, reserved 1179648K
  class space    used 7987K, committed 8576K, reserved 1048576K

Card table byte_map: [0x00000293506a0000,0x0000029350ab0000] _byte_map_base: 0x00000293502a0000

Marking Bits: (ParMarkBitMap*) 0x00007ffa51b344a0
 Begin Bits: [0x00000293631b0000, 0x00000293651b0000)
 End Bits:   [0x00000293651b0000, 0x00000293671b0000)

Polling page: 0x000002934ec80000

Metaspace:

Usage:
  Non-class:     64.13 MB used.
      Class:      7.80 MB used.
       Both:     71.93 MB used.

Virtual space:
  Non-class space:      128.00 MB reserved,      64.94 MB ( 51%) committed,  2 nodes.
      Class space:        1.00 GB reserved,       8.38 MB ( <1%) committed,  1 nodes.
             Both:        1.12 GB reserved,      73.31 MB (  6%) committed. 

Chunk freelists:
   Non-Class:  14.25 MB
       Class:  7.56 MB
        Both:  21.81 MB

MaxMetaspaceSize: unlimited
CompressedClassSpaceSize: 1.00 GB
Initial GC threshold: 21.00 MB
Current GC threshold: 97.31 MB
CDS: on
 - commit_granule_bytes: 65536.
 - commit_granule_words: 8192.
 - virtual_space_node_default_size: 8388608.
 - enlarge_chunks_in_place: 1.
 - use_allocation_guard: 0.


Internal statistics:

num_allocs_failed_limit: 9.
num_arena_births: 1192.
num_arena_deaths: 14.
num_vsnodes_births: 3.
num_vsnodes_deaths: 0.
num_space_committed: 1173.
num_space_uncommitted: 0.
num_chunks_returned_to_freelist: 23.
num_chunks_taken_from_freelist: 4432.
num_chunk_merges: 12.
num_chunk_splits: 2756.
num_chunks_enlarged: 1613.
num_inconsistent_stats: 0.

CodeHeap 'non-profiled nmethods': size=120000Kb used=9217Kb max_used=9217Kb free=110783Kb
 bounds [0x000002935b9d0000, 0x000002935c2e0000, 0x0000029362f00000]
CodeHeap 'profiled nmethods': size=120000Kb used=26015Kb max_used=26015Kb free=93985Kb
 bounds [0x0000029353f00000, 0x0000029355870000, 0x000002935b430000]
CodeHeap 'non-nmethods': size=5760Kb used=1500Kb max_used=1649Kb free=4259Kb
 bounds [0x000002935b430000, 0x000002935b6a0000, 0x000002935b9d0000]
CodeCache: size=245760Kb, used=36732Kb, max_used=36881Kb, free=209027Kb
 total_blobs=11690, nmethods=10862, adapters=732, full_count=0
Compilation: enabled, stopped_count=0, restarted_count=0

Compilation events (20 events):
Event: 441.399 Thread 0x0000029350c9b9a0 11620   !   3       org.eclipse.jdt.internal.compiler.env.IModuleAwareNameEnvironment$LookupStrategy::$SWITCH_TABLE$org$eclipse$jdt$internal$compiler$env$IModuleAwareNameEnvironment$LookupStrategy (74 bytes)
Event: 441.399 Thread 0x0000029350c9b9a0 nmethod 11620 0x0000029355861a10 code [0x0000029355861be0, 0x0000029355861ff0]
Event: 441.399 Thread 0x0000029350c9b9a0 11621   !   3       org.eclipse.jdt.internal.core.builder.ClasspathJrt::findClass (79 bytes)
Event: 441.400 Thread 0x0000029350c9b9a0 nmethod 11621 0x0000029355862190 code [0x0000029355862400, 0x0000029355862eb8]
Event: 441.400 Thread 0x0000029350c9b9a0 11617       3       org.eclipse.jdt.internal.compiler.parser.ScannerHelper::isDigit (26 bytes)
Event: 441.400 Thread 0x0000029350c9b9a0 nmethod 11617 0x0000029355863410 code [0x0000029355863600, 0x00000293558639a8]
Event: 441.400 Thread 0x0000029350c9b9a0 11623       3       org.eclipse.jdt.internal.compiler.lookup.LookupEnvironment::combine (73 bytes)
Event: 441.401 Thread 0x0000029350c9b9a0 nmethod 11623 0x0000029355863b10 code [0x0000029355863d40, 0x0000029355864548]
Event: 441.401 Thread 0x0000029350c9b9a0 11622       3       org.eclipse.jdt.internal.compiler.ast.SingleTypeReference::getTypeBinding (147 bytes)
Event: 441.401 Thread 0x0000029350c9b9a0 nmethod 11622 0x0000029355864790 code [0x0000029355864a20, 0x0000029355865b20]
Event: 441.401 Thread 0x0000029350c9b9a0 11619       3       org.eclipse.jdt.internal.compiler.lookup.LookupEnvironment$CompleteTypeBindingsSteps::values (22 bytes)
Event: 441.401 Thread 0x0000029350c9b9a0 nmethod 11619 0x0000029355865e90 code [0x0000029355866040, 0x0000029355866278]
Event: 548.271 Thread 0x0000029350c9b9a0 11624       3       java.util.concurrent.ThreadPoolExecutor::isShutdown (12 bytes)
Event: 548.271 Thread 0x0000029350c9b9a0 nmethod 11624 0x0000029355866390 code [0x0000029355866540, 0x0000029355866720]
Event: 561.401 Thread 0x0000029350c9b9a0 11625       3       sun.nio.ch.Util$BufferCache::isEmpty (13 bytes)
Event: 561.401 Thread 0x0000029350c9b9a0 nmethod 11625 0x0000029355866810 code [0x00000293558669a0, 0x0000029355866b00]
Event: 571.930 Thread 0x0000029350c9b9a0 11626       3       java.util.concurrent.ScheduledThreadPoolExecutor::canRunInCurrentRunState (61 bytes)
Event: 571.931 Thread 0x0000029350c9b9a0 nmethod 11626 0x0000029355866b90 code [0x0000029355866da0, 0x0000029355867550]
Event: 611.538 Thread 0x0000029350c9b9a0 11627       3       java.lang.Module::getClassLoader (20 bytes)
Event: 611.538 Thread 0x0000029350c9b9a0 nmethod 11627 0x0000029355867790 code [0x0000029355867940, 0x0000029355867b38]

GC Heap History (20 events):
Event: 306.679 GC heap before
{Heap before GC invocations=352 (full 3):
 PSYoungGen      total 8704K, used 8464K [0x00000000d5580000, 0x00000000d6180000, 0x0000000100000000)
  eden space 7680K, 100% used [0x00000000d5580000,0x00000000d5d00000,0x00000000d5d00000)
  from space 1024K, 76% used [0x00000000d6080000,0x00000000d6144010,0x00000000d6180000)
  to   space 1024K, 0% used [0x00000000d5e00000,0x00000000d5e00000,0x00000000d5f00000)
 ParOldGen       total 430080K, used 429964K [0x0000000080000000, 0x000000009a400000, 0x00000000d5580000)
  object space 430080K, 99% used [0x0000000080000000,0x000000009a3e31a0,0x000000009a400000)
 Metaspace       used 72255K, committed 73664K, reserved 1179648K
  class space    used 7814K, committed 8448K, reserved 1048576K
}
Event: 306.681 GC heap after
{Heap after GC invocations=352 (full 3):
 PSYoungGen      total 8704K, used 999K [0x00000000d5580000, 0x00000000d6400000, 0x0000000100000000)
  eden space 7680K, 0% used [0x00000000d5580000,0x00000000d5580000,0x00000000d5d00000)
  from space 1024K, 97% used [0x00000000d5e00000,0x00000000d5ef9fa0,0x00000000d5f00000)
  to   space 3584K, 0% used [0x00000000d6080000,0x00000000d6080000,0x00000000d6400000)
 ParOldGen       total 432128K, used 431825K [0x0000000080000000, 0x000000009a600000, 0x00000000d5580000)
  object space 432128K, 99% used [0x0000000080000000,0x000000009a5b4630,0x000000009a600000)
 Metaspace       used 72255K, committed 73664K, reserved 1179648K
  class space    used 7814K, committed 8448K, reserved 1048576K
}
Event: 306.710 GC heap before
{Heap before GC invocations=353 (full 3):
 PSYoungGen      total 8704K, used 8679K [0x00000000d5580000, 0x00000000d6400000, 0x0000000100000000)
  eden space 7680K, 100% used [0x00000000d5580000,0x00000000d5d00000,0x00000000d5d00000)
  from space 1024K, 97% used [0x00000000d5e00000,0x00000000d5ef9fa0,0x00000000d5f00000)
  to   space 3584K, 0% used [0x00000000d6080000,0x00000000d6080000,0x00000000d6400000)
 ParOldGen       total 432128K, used 431825K [0x0000000080000000, 0x000000009a600000, 0x00000000d5580000)
  object space 432128K, 99% used [0x0000000080000000,0x000000009a5b4630,0x000000009a600000)
 Metaspace       used 72255K, committed 73664K, reserved 1179648K
  class space    used 7814K, committed 8448K, reserved 1048576K
}
Event: 306.713 GC heap after
{Heap after GC invocations=353 (full 3):
 PSYoungGen      total 10240K, used 2118K [0x00000000d5580000, 0x00000000d6300000, 0x0000000100000000)
  eden space 7680K, 0% used [0x00000000d5580000,0x00000000d5580000,0x00000000d5d00000)
  from space 2560K, 82% used [0x00000000d6080000,0x00000000d6291b30,0x00000000d6300000)
  to   space 2560K, 0% used [0x00000000d5e00000,0x00000000d5e00000,0x00000000d6080000)
 ParOldGen       total 432128K, used 431921K [0x0000000080000000, 0x000000009a600000, 0x00000000d5580000)
  object space 432128K, 99% used [0x0000000080000000,0x000000009a5cc640,0x000000009a600000)
 Metaspace       used 72255K, committed 73664K, reserved 1179648K
  class space    used 7814K, committed 8448K, reserved 1048576K
}
Event: 307.110 GC heap before
{Heap before GC invocations=354 (full 3):
 PSYoungGen      total 10240K, used 9798K [0x00000000d5580000, 0x00000000d6300000, 0x0000000100000000)
  eden space 7680K, 100% used [0x00000000d5580000,0x00000000d5d00000,0x00000000d5d00000)
  from space 2560K, 82% used [0x00000000d6080000,0x00000000d6291b30,0x00000000d6300000)
  to   space 2560K, 0% used [0x00000000d5e00000,0x00000000d5e00000,0x00000000d6080000)
 ParOldGen       total 432128K, used 431921K [0x0000000080000000, 0x000000009a600000, 0x00000000d5580000)
  object space 432128K, 99% used [0x0000000080000000,0x000000009a5cc640,0x000000009a600000)
 Metaspace       used 72306K, committed 73728K, reserved 1179648K
  class space    used 7815K, committed 8448K, reserved 1048576K
}
Event: 307.123 GC heap after
{Heap after GC invocations=354 (full 3):
 PSYoungGen      total 10240K, used 2528K [0x00000000d5580000, 0x00000000d6700000, 0x0000000100000000)
  eden space 7680K, 0% used [0x00000000d5580000,0x00000000d5580000,0x00000000d5d00000)
  from space 2560K, 98% used [0x00000000d5e00000,0x00000000d6078050,0x00000000d6080000)
  to   space 5120K, 0% used [0x00000000d6200000,0x00000000d6200000,0x00000000d6700000)
 ParOldGen       total 434176K, used 434032K [0x0000000080000000, 0x000000009a800000, 0x00000000d5580000)
  object space 434176K, 99% used [0x0000000080000000,0x000000009a7dc170,0x000000009a800000)
 Metaspace       used 72306K, committed 73728K, reserved 1179648K
  class space    used 7815K, committed 8448K, reserved 1048576K
}
Event: 331.069 GC heap before
{Heap before GC invocations=355 (full 3):
 PSYoungGen      total 10240K, used 10208K [0x00000000d5580000, 0x00000000d6700000, 0x0000000100000000)
  eden space 7680K, 100% used [0x00000000d5580000,0x00000000d5d00000,0x00000000d5d00000)
  from space 2560K, 98% used [0x00000000d5e00000,0x00000000d6078050,0x00000000d6080000)
  to   space 5120K, 0% used [0x00000000d6200000,0x00000000d6200000,0x00000000d6700000)
 ParOldGen       total 434176K, used 434032K [0x0000000080000000, 0x000000009a800000, 0x00000000d5580000)
  object space 434176K, 99% used [0x0000000080000000,0x000000009a7dc170,0x000000009a800000)
 Metaspace       used 72769K, committed 74304K, reserved 1179648K
  class space    used 7890K, committed 8512K, reserved 1048576K
}
Event: 331.073 GC heap after
{Heap after GC invocations=355 (full 3):
 PSYoungGen      total 8192K, used 224K [0x00000000d5580000, 0x00000000d6280000, 0x0000000100000000)
  eden space 7680K, 0% used [0x00000000d5580000,0x00000000d5580000,0x00000000d5d00000)
  from space 512K, 43% used [0x00000000d6200000,0x00000000d6238000,0x00000000d6280000)
  to   space 2048K, 0% used [0x00000000d5e80000,0x00000000d5e80000,0x00000000d6080000)
 ParOldGen       total 436224K, used 436104K [0x0000000080000000, 0x000000009aa00000, 0x00000000d5580000)
  object space 436224K, 99% used [0x0000000080000000,0x000000009a9e21b0,0x000000009aa00000)
 Metaspace       used 72769K, committed 74304K, reserved 1179648K
  class space    used 7890K, committed 8512K, reserved 1048576K
}
Event: 331.129 GC heap before
{Heap before GC invocations=356 (full 3):
 PSYoungGen      total 8192K, used 7904K [0x00000000d5580000, 0x00000000d6280000, 0x0000000100000000)
  eden space 7680K, 100% used [0x00000000d5580000,0x00000000d5d00000,0x00000000d5d00000)
  from space 512K, 43% used [0x00000000d6200000,0x00000000d6238000,0x00000000d6280000)
  to   space 2048K, 0% used [0x00000000d5e80000,0x00000000d5e80000,0x00000000d6080000)
 ParOldGen       total 436224K, used 436104K [0x0000000080000000, 0x000000009aa00000, 0x00000000d5580000)
  object space 436224K, 99% used [0x0000000080000000,0x000000009a9e21b0,0x000000009aa00000)
 Metaspace       used 72985K, committed 74496K, reserved 1179648K
  class space    used 7911K, committed 8512K, reserved 1048576K
}
Event: 331.134 GC heap after
{Heap after GC invocations=356 (full 3):
 PSYoungGen      total 9728K, used 2031K [0x00000000d5580000, 0x00000000d6900000, 0x0000000100000000)
  eden space 7680K, 0% used [0x00000000d5580000,0x00000000d5580000,0x00000000d5d00000)
  from space 2048K, 99% used [0x00000000d5e80000,0x00000000d607be90,0x00000000d6080000)
  to   space 6144K, 0% used [0x00000000d6300000,0x00000000d6300000,0x00000000d6900000)
 ParOldGen       total 439296K, used 438973K [0x0000000080000000, 0x000000009ad00000, 0x00000000d5580000)
  object space 439296K, 99% used [0x0000000080000000,0x000000009acaf630,0x000000009ad00000)
 Metaspace       used 72985K, committed 74496K, reserved 1179648K
  class space    used 7911K, committed 8512K, reserved 1048576K
}
Event: 331.314 GC heap before
{Heap before GC invocations=357 (full 3):
 PSYoungGen      total 9728K, used 9711K [0x00000000d5580000, 0x00000000d6900000, 0x0000000100000000)
  eden space 7680K, 100% used [0x00000000d5580000,0x00000000d5d00000,0x00000000d5d00000)
  from space 2048K, 99% used [0x00000000d5e80000,0x00000000d607be90,0x00000000d6080000)
  to   space 6144K, 0% used [0x00000000d6300000,0x00000000d6300000,0x00000000d6900000)
 ParOldGen       total 439296K, used 438973K [0x0000000080000000, 0x000000009ad00000, 0x00000000d5580000)
  object space 439296K, 99% used [0x0000000080000000,0x000000009acaf630,0x000000009ad00000)
 Metaspace       used 73200K, committed 74752K, reserved 1179648K
  class space    used 7931K, committed 8576K, reserved 1048576K
}
Event: 331.321 GC heap after
{Heap after GC invocations=357 (full 3):
 PSYoungGen      total 10752K, used 3023K [0x00000000d5580000, 0x00000000d6600000, 0x0000000100000000)
  eden space 7680K, 0% used [0x00000000d5580000,0x00000000d5580000,0x00000000d5d00000)
  from space 3072K, 98% used [0x00000000d6300000,0x00000000d65f3e90,0x00000000d6600000)
  to   space 4096K, 0% used [0x00000000d5e00000,0x00000000d5e00000,0x00000000d6200000)
 ParOldGen       total 439808K, used 439421K [0x0000000080000000, 0x000000009ad80000, 0x00000000d5580000)
  object space 439808K, 99% used [0x0000000080000000,0x000000009ad1f630,0x000000009ad80000)
 Metaspace       used 73200K, committed 74752K, reserved 1179648K
  class space    used 7931K, committed 8576K, reserved 1048576K
}
Event: 338.439 GC heap before
{Heap before GC invocations=358 (full 3):
 PSYoungGen      total 10752K, used 10703K [0x00000000d5580000, 0x00000000d6600000, 0x0000000100000000)
  eden space 7680K, 100% used [0x00000000d5580000,0x00000000d5d00000,0x00000000d5d00000)
  from space 3072K, 98% used [0x00000000d6300000,0x00000000d65f3e90,0x00000000d6600000)
  to   space 4096K, 0% used [0x00000000d5e00000,0x00000000d5e00000,0x00000000d6200000)
 ParOldGen       total 439808K, used 439421K [0x0000000080000000, 0x000000009ad80000, 0x00000000d5580000)
  object space 439808K, 99% used [0x0000000080000000,0x000000009ad1f630,0x000000009ad80000)
 Metaspace       used 73217K, committed 74752K, reserved 1179648K
  class space    used 7933K, committed 8576K, reserved 1048576K
}
Event: 338.441 GC heap after
{Heap after GC invocations=358 (full 3):
 PSYoungGen      total 11776K, used 224K [0x00000000d5580000, 0x00000000d6380000, 0x0000000100000000)
  eden space 7680K, 0% used [0x00000000d5580000,0x00000000d5580000,0x00000000d5d00000)
  from space 4096K, 5% used [0x00000000d5e00000,0x00000000d5e38000,0x00000000d6200000)
  to   space 1536K, 0% used [0x00000000d6200000,0x00000000d6200000,0x00000000d6380000)
 ParOldGen       total 439808K, used 439642K [0x0000000080000000, 0x000000009ad80000, 0x00000000d5580000)
  object space 439808K, 99% used [0x0000000080000000,0x000000009ad56a30,0x000000009ad80000)
 Metaspace       used 73217K, committed 74752K, reserved 1179648K
  class space    used 7933K, committed 8576K, reserved 1048576K
}
Event: 338.460 GC heap before
{Heap before GC invocations=359 (full 3):
 PSYoungGen      total 11776K, used 7904K [0x00000000d5580000, 0x00000000d6380000, 0x0000000100000000)
  eden space 7680K, 100% used [0x00000000d5580000,0x00000000d5d00000,0x00000000d5d00000)
  from space 4096K, 5% used [0x00000000d5e00000,0x00000000d5e38000,0x00000000d6200000)
  to   space 1536K, 0% used [0x00000000d6200000,0x00000000d6200000,0x00000000d6380000)
 ParOldGen       total 439808K, used 439642K [0x0000000080000000, 0x000000009ad80000, 0x00000000d5580000)
  object space 439808K, 99% used [0x0000000080000000,0x000000009ad56a30,0x000000009ad80000)
 Metaspace       used 73223K, committed 74752K, reserved 1179648K
  class space    used 7933K, committed 8576K, reserved 1048576K
}
Event: 338.461 GC heap after
{Heap after GC invocations=359 (full 3):
 PSYoungGen      total 8704K, used 704K [0x00000000d5580000, 0x00000000d6300000, 0x0000000100000000)
  eden space 7680K, 0% used [0x00000000d5580000,0x00000000d5580000,0x00000000d5d00000)
  from space 1024K, 68% used [0x00000000d6200000,0x00000000d62b0000,0x00000000d6300000)
  to   space 1024K, 0% used [0x00000000d6100000,0x00000000d6100000,0x00000000d6200000)
 ParOldGen       total 439808K, used 439714K [0x0000000080000000, 0x000000009ad80000, 0x00000000d5580000)
  object space 439808K, 99% used [0x0000000080000000,0x000000009ad68a30,0x000000009ad80000)
 Metaspace       used 73223K, committed 74752K, reserved 1179648K
  class space    used 7933K, committed 8576K, reserved 1048576K
}
Event: 373.737 GC heap before
{Heap before GC invocations=360 (full 3):
 PSYoungGen      total 8704K, used 8384K [0x00000000d5580000, 0x00000000d6300000, 0x0000000100000000)
  eden space 7680K, 100% used [0x00000000d5580000,0x00000000d5d00000,0x00000000d5d00000)
  from space 1024K, 68% used [0x00000000d6200000,0x00000000d62b0000,0x00000000d6300000)
  to   space 1024K, 0% used [0x00000000d6100000,0x00000000d6100000,0x00000000d6200000)
 ParOldGen       total 439808K, used 439714K [0x0000000080000000, 0x000000009ad80000, 0x00000000d5580000)
  object space 439808K, 99% used [0x0000000080000000,0x000000009ad68a30,0x000000009ad80000)
 Metaspace       used 73292K, committed 74816K, reserved 1179648K
  class space    used 7933K, committed 8576K, reserved 1048576K
}
Event: 373.741 GC heap after
{Heap after GC invocations=360 (full 3):
 PSYoungGen      total 8704K, used 1007K [0x00000000d5580000, 0x00000000d6500000, 0x0000000100000000)
  eden space 7680K, 0% used [0x00000000d5580000,0x00000000d5580000,0x00000000d5d00000)
  from space 1024K, 98% used [0x00000000d6100000,0x00000000d61fbe90,0x00000000d6200000)
  to   space 3072K, 0% used [0x00000000d6200000,0x00000000d6200000,0x00000000d6500000)
 ParOldGen       total 442368K, used 441906K [0x0000000080000000, 0x000000009b000000, 0x00000000d5580000)
  object space 442368K, 99% used [0x0000000080000000,0x000000009af8ca30,0x000000009b000000)
 Metaspace       used 73292K, committed 74816K, reserved 1179648K
  class space    used 7933K, committed 8576K, reserved 1048576K
}
Event: 441.362 GC heap before
{Heap before GC invocations=361 (full 3):
 PSYoungGen      total 8704K, used 8687K [0x00000000d5580000, 0x00000000d6500000, 0x0000000100000000)
  eden space 7680K, 100% used [0x00000000d5580000,0x00000000d5d00000,0x00000000d5d00000)
  from space 1024K, 98% used [0x00000000d6100000,0x00000000d61fbe90,0x00000000d6200000)
  to   space 3072K, 0% used [0x00000000d6200000,0x00000000d6200000,0x00000000d6500000)
 ParOldGen       total 442368K, used 441906K [0x0000000080000000, 0x000000009b000000, 0x00000000d5580000)
  object space 442368K, 99% used [0x0000000080000000,0x000000009af8ca30,0x000000009b000000)
 Metaspace       used 73416K, committed 74880K, reserved 1179648K
  class space    used 7945K, committed 8576K, reserved 1048576K
}
Event: 441.363 GC heap after
{Heap after GC invocations=361 (full 3):
 PSYoungGen      total 8192K, used 274K [0x00000000d5580000, 0x00000000d6280000, 0x0000000100000000)
  eden space 7680K, 0% used [0x00000000d5580000,0x00000000d5580000,0x00000000d5d00000)
  from space 512K, 53% used [0x00000000d6200000,0x00000000d6244900,0x00000000d6280000)
  to   space 1536K, 0% used [0x00000000d5f80000,0x00000000d5f80000,0x00000000d6100000)
 ParOldGen       total 442368K, used 441946K [0x0000000080000000, 0x000000009b000000, 0x00000000d5580000)
  object space 442368K, 99% used [0x0000000080000000,0x000000009af96a30,0x000000009b000000)
 Metaspace       used 73416K, committed 74880K, reserved 1179648K
  class space    used 7945K, committed 8576K, reserved 1048576K
}

Dll operation events (20 events):
Event: 0.181 Attempting to load shared library C:\Users\Lenovo\.vscode\extensions\redhat.java-1.56.0-win32-x64\jre\21.0.12.1-win32-x86_64\bin\nio.dll
Event: 0.184 Loaded shared library C:\Users\Lenovo\.vscode\extensions\redhat.java-1.56.0-win32-x64\jre\21.0.12.1-win32-x86_64\bin\nio.dll
Event: 0.186 Attempting to load shared library C:\Users\Lenovo\.vscode\extensions\redhat.java-1.56.0-win32-x64\jre\21.0.12.1-win32-x86_64\bin\zip.dll
Event: 0.186 Loaded shared library C:\Users\Lenovo\.vscode\extensions\redhat.java-1.56.0-win32-x64\jre\21.0.12.1-win32-x86_64\bin\zip.dll
Event: 0.213 Attempting to load shared library C:\Users\Lenovo\.vscode\extensions\redhat.java-1.56.0-win32-x64\jre\21.0.12.1-win32-x86_64\bin\jimage.dll
Event: 0.213 Loaded shared library C:\Users\Lenovo\.vscode\extensions\redhat.java-1.56.0-win32-x64\jre\21.0.12.1-win32-x86_64\bin\jimage.dll
Event: 0.313 Attempting to load shared library c:\Users\Lenovo\.vscode\extensions\redhat.java-1.56.0-win32-x64\jre\21.0.12.1-win32-x86_64\bin\verify.dll
Event: 0.315 Loaded shared library c:\Users\Lenovo\.vscode\extensions\redhat.java-1.56.0-win32-x64\jre\21.0.12.1-win32-x86_64\bin\verify.dll
Event: 1.935 Attempting to load shared library C:\Users\Lenovo\AppData\Roaming\Code\User\globalStorage\redhat.java\1.56.0\config_win\org.eclipse.equinox.launcher\org.eclipse.equinox.launcher.win32.win32.x86_64_1.3.100.v20260804-1928\eclipse_11924.dll
Event: 1.942 Loaded shared library C:\Users\Lenovo\AppData\Roaming\Code\User\globalStorage\redhat.java\1.56.0\config_win\org.eclipse.equinox.launcher\org.eclipse.equinox.launcher.win32.win32.x86_64_1.3.100.v20260804-1928\eclipse_11924.dll
Event: 6.062 Attempting to load shared library C:\Users\Lenovo\.vscode\extensions\redhat.java-1.56.0-win32-x64\jre\21.0.12.1-win32-x86_64\bin\management.dll
Event: 6.063 Loaded shared library C:\Users\Lenovo\.vscode\extensions\redhat.java-1.56.0-win32-x64\jre\21.0.12.1-win32-x86_64\bin\management.dll
Event: 6.066 Attempting to load shared library C:\Users\Lenovo\.vscode\extensions\redhat.java-1.56.0-win32-x64\jre\21.0.12.1-win32-x86_64\bin\management_ext.dll
Event: 6.066 Loaded shared library C:\Users\Lenovo\.vscode\extensions\redhat.java-1.56.0-win32-x64\jre\21.0.12.1-win32-x86_64\bin\management_ext.dll
Event: 7.438 Attempting to load shared library C:\Users\Lenovo\AppData\Local\Temp\jna--2022488749\jna2992383728546364629.dll
Event: 7.513 Loaded shared library C:\Users\Lenovo\AppData\Local\Temp\jna--2022488749\jna2992383728546364629.dll
Event: 8.377 Attempting to load shared library C:\Users\Lenovo\.vscode\extensions\redhat.java-1.56.0-win32-x64\jre\21.0.12.1-win32-x86_64\bin\sunmscapi.dll
Event: 8.379 Loaded shared library C:\Users\Lenovo\.vscode\extensions\redhat.java-1.56.0-win32-x64\jre\21.0.12.1-win32-x86_64\bin\sunmscapi.dll
Event: 8.542 Attempting to load shared library C:\Users\Lenovo\.vscode\extensions\redhat.java-1.56.0-win32-x64\jre\21.0.12.1-win32-x86_64\bin\extnet.dll
Event: 8.558 Loaded shared library C:\Users\Lenovo\.vscode\extensions\redhat.java-1.56.0-win32-x64\jre\21.0.12.1-win32-x86_64\bin\extnet.dll

Deoptimization events (20 events):
Event: 331.282 Thread 0x000002937118b000 DEOPT PACKING pc=0x000002935c28a538 sp=0x000000be278fdcf0
Event: 331.282 Thread 0x000002937118b000 DEOPT UNPACKING pc=0x000002935b483aa2 sp=0x000000be278fdc68 mode 2
Event: 331.282 Thread 0x000002937118b000 Uncommon trap: trap_request=0xffffffd6 fr.pc=0x000002935c28a538 relative=0x0000000000005818
Event: 331.282 Thread 0x000002937118b000 Uncommon trap: reason=array_check action=maybe_recompile pc=0x000002935c28a538 method=org.eclipse.jdt.internal.compiler.classfmt.ModuleInfo.readModuleAttribute(I)V @ 1029 c2
Event: 331.282 Thread 0x000002937118b000 DEOPT PACKING pc=0x000002935c28a538 sp=0x000000be278fdcf0
Event: 331.282 Thread 0x000002937118b000 DEOPT UNPACKING pc=0x000002935b483aa2 sp=0x000000be278fdc68 mode 2
Event: 338.456 Thread 0x0000029371190550 DEOPT PACKING pc=0x00000293552fa498 sp=0x000000be27bfe980
Event: 338.456 Thread 0x0000029371190550 DEOPT UNPACKING pc=0x000002935b484242 sp=0x000000be27bfde70 mode 0
Event: 441.355 Thread 0x000002937118e480 Uncommon trap: trap_request=0xffffff45 fr.pc=0x000002935c27d56c relative=0x000000000000256c
Event: 441.355 Thread 0x000002937118e480 Uncommon trap: reason=unstable_if action=reinterpret pc=0x000002935c27d56c method=org.eclipse.jdt.internal.core.index.DiskIndex.addQueryResults([[C[CILorg/eclipse/jdt/internal/core/index/MemoryIndex;)Lorg/eclipse/jdt/internal/compiler/util/HashtableOfObje
Event: 441.355 Thread 0x000002937118e480 DEOPT PACKING pc=0x000002935c27d56c sp=0x000000be27cfec10
Event: 441.355 Thread 0x000002937118e480 DEOPT UNPACKING pc=0x000002935b483aa2 sp=0x000000be27cfebd0 mode 2
Event: 441.356 Thread 0x0000029371189c50 Uncommon trap: trap_request=0xffffffde fr.pc=0x000002935c2c2438 relative=0x0000000000000238
Event: 441.356 Thread 0x0000029371189c50 Uncommon trap: reason=class_check action=maybe_recompile pc=0x000002935c2c2438 method=org.eclipse.jdt.internal.core.search.PatternSearchJob.lambda$2(Lorg/eclipse/jdt/internal/core/search/PatternSearchJob$IndexMatch;)V @ 20 c2
Event: 441.356 Thread 0x0000029371189c50 DEOPT PACKING pc=0x000002935c2c2438 sp=0x000000be275fe4a0
Event: 441.356 Thread 0x0000029371189c50 DEOPT UNPACKING pc=0x000002935b483aa2 sp=0x000000be275fe3c0 mode 2
Event: 441.372 Thread 0x0000029371189c50 Uncommon trap: trap_request=0xfffffff4 fr.pc=0x000002935c2155a0 relative=0x0000000000000240
Event: 441.372 Thread 0x0000029371189c50 Uncommon trap: reason=null_check action=make_not_entrant pc=0x000002935c2155a0 method=org.eclipse.jdt.internal.core.JavaProject.equals(Ljava/lang/Object;)Z @ 8 c2
Event: 441.372 Thread 0x0000029371189c50 DEOPT PACKING pc=0x000002935c2155a0 sp=0x000000be275fe600
Event: 441.372 Thread 0x0000029371189c50 DEOPT UNPACKING pc=0x000002935b483aa2 sp=0x000000be275fe5a8 mode 2

Classes loaded (20 events):
Event: 19.372 Loading class java/util/LinkedList$LLSpliterator
Event: 19.372 Loading class java/util/LinkedList$LLSpliterator done
Event: 19.487 Loading class jdk/internal/ref/CleanerImpl$InnocuousThreadFactory
Event: 19.487 Loading class jdk/internal/ref/CleanerImpl$InnocuousThreadFactory done
Event: 19.661 Loading class java/util/regex/Pattern$Behind
Event: 19.661 Loading class java/util/regex/Pattern$Behind done
Event: 19.661 Loading class java/util/regex/Pattern$Neg
Event: 19.661 Loading class java/util/regex/Pattern$Neg done
Event: 301.149 Loading class java/util/stream/DistinctOps
Event: 301.151 Loading class java/util/stream/DistinctOps done
Event: 301.151 Loading class java/util/stream/DistinctOps$1
Event: 301.152 Loading class java/util/stream/DistinctOps$1 done
Event: 301.153 Loading class java/util/stream/DistinctOps$1$2
Event: 301.153 Loading class java/util/stream/DistinctOps$1$2 done
Event: 302.309 Loading class java/util/stream/ReduceOps$5
Event: 302.309 Loading class java/util/stream/ReduceOps$5 done
Event: 302.309 Loading class java/util/stream/ReduceOps$CountingSink$OfRef
Event: 302.309 Loading class java/util/stream/ReduceOps$CountingSink
Event: 302.309 Loading class java/util/stream/ReduceOps$CountingSink done
Event: 302.309 Loading class java/util/stream/ReduceOps$CountingSink$OfRef done

Classes unloaded (7 events):
Event: 6.755 Thread 0x0000029350c71450 Unloading class 0x00000293011a9400 'java/lang/invoke/LambdaForm$MH+0x00000293011a9400'
Event: 6.755 Thread 0x0000029350c71450 Unloading class 0x00000293011a9000 'java/lang/invoke/LambdaForm$MH+0x00000293011a9000'
Event: 6.755 Thread 0x0000029350c71450 Unloading class 0x00000293011a8c00 'java/lang/invoke/LambdaForm$MH+0x00000293011a8c00'
Event: 6.755 Thread 0x0000029350c71450 Unloading class 0x00000293011a8800 'java/lang/invoke/LambdaForm$MH+0x00000293011a8800'
Event: 6.755 Thread 0x0000029350c71450 Unloading class 0x00000293011a8400 'java/lang/invoke/LambdaForm$BMH+0x00000293011a8400'
Event: 6.755 Thread 0x0000029350c71450 Unloading class 0x00000293011a8000 'java/lang/invoke/LambdaForm$DMH+0x00000293011a8000'
Event: 6.755 Thread 0x0000029350c71450 Unloading class 0x00000293011a6c00 'java/lang/invoke/LambdaForm$DMH+0x00000293011a6c00'

Classes redefined (0 events):
No events

Internal exceptions (20 events):
Event: 300.956 Thread 0x000002936dd23060 Exception <a 'sun/nio/fs/WindowsException'{0x00000000d5591048}> (0x00000000d5591048) 
thrown [s\src\hotspot\share\prims\jni.cpp, line 520]
Event: 302.264 Thread 0x00000293707a7370 Exception <a 'java/lang/IncompatibleClassChangeError'{0x00000000d5732b30}: Found class java.lang.Object, but interface was expected> (0x00000000d5732b30) 
thrown [s\src\hotspot\share\interpreter\linkResolver.cpp, line 840]
Event: 302.265 Thread 0x00000293707a7370 Exception <a 'java/lang/IncompatibleClassChangeError'{0x00000000d5736a30}: Found class java.lang.Object, but interface was expected> (0x00000000d5736a30) 
thrown [s\src\hotspot\share\interpreter\linkResolver.cpp, line 840]
Event: 302.316 Thread 0x000002936dd23060 Exception <a 'sun/nio/fs/WindowsException'{0x00000000d58fb948}> (0x00000000d58fb948) 
thrown [s\src\hotspot\share\prims\jni.cpp, line 520]
Event: 302.417 Thread 0x000002936dd23060 Exception <a 'sun/nio/fs/WindowsException'{0x00000000d56101c0}> (0x00000000d56101c0) 
thrown [s\src\hotspot\share\prims\jni.cpp, line 520]
Event: 302.425 Thread 0x000002936dd23060 Implicit null exception at 0x000002935c172f00 to 0x000002935c17331c
Event: 305.600 Thread 0x00000293707a7370 Exception <a 'java/lang/NoSuchMethodError'{0x00000000d56ce738}: 'java.lang.Object java.lang.invoke.DirectMethodHandle$Holder.invokeStatic(java.lang.Object, int, int, java.lang.Object)'> (0x00000000d56ce738) 
thrown [s\src\hotspot\share\interpreter\linkResolver.cpp, line 773]
Event: 306.671 Thread 0x000002936dd23060 Exception <a 'sun/nio/fs/WindowsException'{0x00000000d5a61500}> (0x00000000d5a61500) 
thrown [s\src\hotspot\share\prims\jni.cpp, line 520]
Event: 306.735 Thread 0x000002936dd23060 Exception <a 'sun/nio/fs/WindowsException'{0x00000000d57bad68}> (0x00000000d57bad68) 
thrown [s\src\hotspot\share\prims\jni.cpp, line 520]
Event: 331.053 Thread 0x000002937118b000 Exception <a 'java/lang/NoSuchMethodError'{0x00000000d5b845a0}: 'java.lang.Object java.lang.invoke.DirectMethodHandle$Holder.newInvokeSpecial(java.lang.Object, java.lang.Object, java.lang.Object, java.lang.Object, java.lang.Object, java.lang.Object, java.lang.Object)'> (0x00000000d5b845a0) 
thrown [s\src\hotspot\share\interpreter\linkResolver.cpp, line 773]
Event: 331.090 Thread 0x000002937118b000 Exception <a 'java/lang/ArrayIndexOutOfBoundsException'{0x00000000d55cf7e0}: Index 646 out of bounds for length 646> (0x00000000d55cf7e0) 
thrown [s\src\hotspot\share\interpreter\interpreterRuntime.cpp, line 439]
Event: 331.175 Thread 0x000002937118b000 Exception <a 'java/lang/ArrayIndexOutOfBoundsException'{0x00000000d58bfa38}: Index 95 out of bounds for length 95> (0x00000000d58bfa38) 
thrown [s\src\hotspot\share\interpreter\interpreterRuntime.cpp, line 439]
Event: 331.288 Thread 0x000002937118b000 Exception <a 'java/lang/ArrayIndexOutOfBoundsException'{0x00000000d5a0eb48}: Index 646 out of bounds for length 646> (0x00000000d5a0eb48) 
thrown [s\src\hotspot\share\interpreter\interpreterRuntime.cpp, line 439]
Event: 331.353 Thread 0x000002937118b000 Exception <a 'java/lang/ArrayIndexOutOfBoundsException'{0x00000000d5bcbfd8}: Index 95 out of bounds for length 95> (0x00000000d5bcbfd8) 
thrown [s\src\hotspot\share\interpreter\interpreterRuntime.cpp, line 439]
Event: 338.298 Thread 0x00000293707a7370 Exception <a 'java/lang/IncompatibleClassChangeError'{0x00000000d5ce70e8}: Found class java.lang.Object, but interface was expected> (0x00000000d5ce70e8) 
thrown [s\src\hotspot\share\interpreter\linkResolver.cpp, line 840]
Event: 338.443 Thread 0x000002937118b000 Exception <a 'java/lang/ArrayIndexOutOfBoundsException'{0x00000000d55d6d80}: Index 646 out of bounds for length 646> (0x00000000d55d6d80) 
thrown [s\src\hotspot\share\interpreter\interpreterRuntime.cpp, line 439]
Event: 338.466 Thread 0x000002937118b000 Exception <a 'java/lang/ArrayIndexOutOfBoundsException'{0x00000000d578cb38}: Index 95 out of bounds for length 95> (0x00000000d578cb38) 
thrown [s\src\hotspot\share\interpreter\interpreterRuntime.cpp, line 439]
Event: 373.728 Thread 0x000002937118b000 Exception <a 'java/lang/ArrayIndexOutOfBoundsException'{0x00000000d5984a60}: Index 646 out of bounds for length 646> (0x00000000d5984a60) 
thrown [s\src\hotspot\share\interpreter\interpreterRuntime.cpp, line 439]
Event: 373.755 Thread 0x000002937118b000 Exception <a 'java/lang/ArrayIndexOutOfBoundsException'{0x00000000d5b4f910}: Index 95 out of bounds for length 95> (0x00000000d5b4f910) 
thrown [s\src\hotspot\share\interpreter\interpreterRuntime.cpp, line 439]
Event: 441.372 Thread 0x0000029371189c50 Implicit null exception at 0x000002935c2153a9 to 0x000002935c215590

ZGC Phase Switch (0 events):
No events

VM Operations (20 events):
Event: 441.362 Executing safepoint VM operation: ParallelGCFailedAllocation (Allocation Failure)
Event: 441.363 Executing safepoint VM operation: ParallelGCFailedAllocation (Allocation Failure) done
Event: 441.370 Executing non-safepoint VM operation: HandshakeAllThreads (Deoptimize)
Event: 441.370 Executing non-safepoint VM operation: HandshakeAllThreads (Deoptimize) done
Event: 441.382 Executing non-safepoint VM operation: HandshakeAllThreads (Deoptimize)
Event: 441.382 Executing non-safepoint VM operation: HandshakeAllThreads (Deoptimize) done
Event: 442.395 Executing safepoint VM operation: Cleanup
Event: 442.395 Executing safepoint VM operation: Cleanup done
Event: 481.022 Executing non-safepoint VM operation: HandshakeAllThreads (HandshakeForDeflation)
Event: 481.022 Executing non-safepoint VM operation: HandshakeAllThreads (HandshakeForDeflation) done
Event: 481.022 Executing non-safepoint VM operation: RendezvousGCThreads
Event: 481.022 Executing non-safepoint VM operation: RendezvousGCThreads done
Event: 541.025 Executing non-safepoint VM operation: HandshakeAllThreads (HandshakeForDeflation)
Event: 541.025 Executing non-safepoint VM operation: HandshakeAllThreads (HandshakeForDeflation) done
Event: 541.025 Executing non-safepoint VM operation: RendezvousGCThreads
Event: 541.025 Executing non-safepoint VM operation: RendezvousGCThreads done
Event: 661.296 Executing non-safepoint VM operation: HandshakeAllThreads (HandshakeForDeflation)
Event: 661.297 Executing non-safepoint VM operation: HandshakeAllThreads (HandshakeForDeflation) done
Event: 661.297 Executing non-safepoint VM operation: RendezvousGCThreads
Event: 661.297 Executing non-safepoint VM operation: RendezvousGCThreads done

Memory protections (0 events):
No events

Nmethod flushes (20 events):
Event: 13.065 Thread 0x0000029350c71450 flushing  nmethod 0x0000029354743190
Event: 13.065 Thread 0x0000029350c71450 flushing  nmethod 0x000002935474ce90
Event: 13.065 Thread 0x0000029350c71450 flushing  nmethod 0x000002935474d590
Event: 13.065 Thread 0x0000029350c71450 flushing  nmethod 0x000002935474ee10
Event: 13.065 Thread 0x0000029350c71450 flushing  nmethod 0x000002935474f410
Event: 13.065 Thread 0x0000029350c71450 flushing  nmethod 0x000002935474fc90
Event: 13.065 Thread 0x0000029350c71450 flushing  nmethod 0x0000029354754190
Event: 13.065 Thread 0x0000029350c71450 flushing  nmethod 0x0000029354763e10
Event: 13.065 Thread 0x0000029350c71450 flushing  nmethod 0x0000029354772310
Event: 13.065 Thread 0x0000029350c71450 flushing  nmethod 0x000002935478e110
Event: 13.065 Thread 0x0000029350c71450 flushing  nmethod 0x00000293547a1390
Event: 13.065 Thread 0x0000029350c71450 flushing osr nmethod 0x00000293547c1a10
Event: 13.065 Thread 0x0000029350c71450 flushing  nmethod 0x00000293547cf210
Event: 13.065 Thread 0x0000029350c71450 flushing  nmethod 0x00000293547eed10
Event: 13.065 Thread 0x0000029350c71450 flushing  nmethod 0x0000029354816190
Event: 13.065 Thread 0x0000029350c71450 flushing  nmethod 0x0000029354822910
Event: 13.065 Thread 0x0000029350c71450 flushing  nmethod 0x0000029354823210
Event: 13.065 Thread 0x0000029350c71450 flushing  nmethod 0x0000029354823610
Event: 13.065 Thread 0x0000029350c71450 flushing  nmethod 0x0000029354844890
Event: 13.065 Thread 0x0000029350c71450 flushing  nmethod 0x0000029354854290

Events (20 events):
Event: 338.464 Thread 0x0000029350c9b9a0 Thread added: 0x000002936f8acaa0
Event: 343.584 Thread 0x000002936f8acaa0 Thread exited: 0x000002936f8acaa0
Event: 366.834 Thread 0x000002937118d760 Thread exited: 0x000002937118d760
Event: 373.746 Thread 0x0000029350c9b9a0 Thread added: 0x000002936f8aaf60
Event: 373.746 Thread 0x0000029350c9b9a0 Thread added: 0x000002936f8acaa0
Event: 373.757 Thread 0x000002937118f1a0 Thread exited: 0x000002937118f1a0
Event: 378.175 Thread 0x000002936f8acaa0 Thread exited: 0x000002936f8acaa0
Event: 378.175 Thread 0x000002936f8aaf60 Thread exited: 0x000002936f8aaf60
Event: 398.478 Thread 0x000002936dd27890 Thread exited: 0x000002936dd27890
Event: 433.753 Thread 0x000002936dd25e50 Thread exited: 0x000002936dd25e50
Event: 433.755 Thread 0x000002937118b000 Thread exited: 0x000002937118b000
Event: 441.376 Thread 0x0000029350c9b9a0 Thread added: 0x000002936f8aa1c0
Event: 446.385 Thread 0x000002936f8aa1c0 Thread exited: 0x000002936f8aa1c0
Event: 501.394 Thread 0x0000029371189c50 Thread exited: 0x0000029371189c50
Event: 561.401 Thread 0x000002937118ca40 Thread exited: 0x000002937118ca40
Event: 601.048 Thread 0x00000293707ac230 Thread exited: 0x00000293707ac230
Event: 602.413 Thread 0x00000293707ac8c0 Thread exited: 0x00000293707ac8c0
Event: 608.345 Thread 0x00000293707abba0 Thread exited: 0x00000293707abba0
Event: 621.404 Thread 0x000002937118f830 Thread exited: 0x000002937118f830
Event: 681.411 Thread 0x000002937118d0d0 Thread exited: 0x000002937118d0d0


Dynamic libraries:
0x00007ff7dec70000 - 0x00007ff7dec7e000 	c:\Users\Lenovo\.vscode\extensions\redhat.java-1.56.0-win32-x64\jre\21.0.12.1-win32-x86_64\bin\java.exe
0x00007ffad8aa0000 - 0x00007ffad8d07000 	C:\WINDOWS\SYSTEM32\ntdll.dll
0x00007ffad77a0000 - 0x00007ffad786b000 	C:\WINDOWS\System32\KERNEL32.DLL
0x00007ffad5e30000 - 0x00007ffad6232000 	C:\WINDOWS\System32\KERNELBASE.dll
0x00007ffad6240000 - 0x00007ffad638c000 	C:\WINDOWS\System32\ucrtbase.dll
0x00007ffacef00000 - 0x00007ffacef18000 	c:\Users\Lenovo\.vscode\extensions\redhat.java-1.56.0-win32-x64\jre\21.0.12.1-win32-x86_64\bin\jli.dll
0x00007ffacc680000 - 0x00007ffacc69e000 	c:\Users\Lenovo\.vscode\extensions\redhat.java-1.56.0-win32-x64\jre\21.0.12.1-win32-x86_64\bin\VCRUNTIME140.dll
0x00007ffad6800000 - 0x00007ffad69cf000 	C:\WINDOWS\System32\USER32.dll
0x00007ffad63a0000 - 0x00007ffad63c7000 	C:\WINDOWS\System32\win32u.dll
0x00007ffabe780000 - 0x00007ffabea10000 	C:\WINDOWS\WinSxS\amd64_microsoft.windows.common-controls_6595b64144ccf1df_6.0.26100.9278_none_3e0d1ba8e3303201\COMCTL32.dll
0x00007ffad6ae0000 - 0x00007ffad6b0b000 	C:\WINDOWS\System32\GDI32.dll
0x00007ffad71b0000 - 0x00007ffad7259000 	C:\WINDOWS\System32\msvcrt.dll
0x00007ffad63d0000 - 0x00007ffad64f9000 	C:\WINDOWS\System32\gdi32full.dll
0x00007ffad6650000 - 0x00007ffad66f3000 	C:\WINDOWS\System32\msvcp_win.dll
0x00007ffad67c0000 - 0x00007ffad67f1000 	C:\WINDOWS\System32\IMM32.DLL
0x00007ffad2620000 - 0x00007ffad262c000 	c:\Users\Lenovo\.vscode\extensions\redhat.java-1.56.0-win32-x64\jre\21.0.12.1-win32-x86_64\bin\vcruntime140_1.dll
0x00007ffab4d30000 - 0x00007ffab4dbd000 	c:\Users\Lenovo\.vscode\extensions\redhat.java-1.56.0-win32-x64\jre\21.0.12.1-win32-x86_64\bin\msvcp140.dll
0x00007ffa50e70000 - 0x00007ffa51c12000 	c:\Users\Lenovo\.vscode\extensions\redhat.java-1.56.0-win32-x64\jre\21.0.12.1-win32-x86_64\bin\server\jvm.dll
0x00007ffad8900000 - 0x00007ffad89bc000 	C:\WINDOWS\System32\ADVAPI32.dll
0x00007ffad7260000 - 0x00007ffad7309000 	C:\WINDOWS\System32\sechost.dll
0x00007ffad7870000 - 0x00007ffad7988000 	C:\WINDOWS\System32\RPCRT4.dll
0x00007ffad89d0000 - 0x00007ffad8a50000 	C:\WINDOWS\System32\WS2_32.dll
0x00007ffad5b00000 - 0x00007ffad5b5e000 	C:\WINDOWS\SYSTEM32\POWRPROF.dll
0x00007ffac3990000 - 0x00007ffac39c6000 	C:\WINDOWS\SYSTEM32\WINMM.dll
0x00007ffacdf30000 - 0x00007ffacdf3b000 	C:\WINDOWS\SYSTEM32\VERSION.dll
0x00007ffad5ae0000 - 0x00007ffad5af5000 	C:\WINDOWS\SYSTEM32\UMPDC.dll
0x00007ffad4940000 - 0x00007ffad495b000 	C:\WINDOWS\SYSTEM32\kernel.appcore.dll
0x00007ffacf000000 - 0x00007ffacf00a000 	c:\Users\Lenovo\.vscode\extensions\redhat.java-1.56.0-win32-x64\jre\21.0.12.1-win32-x86_64\bin\jimage.dll
0x00007ffad3210000 - 0x00007ffad345c000 	C:\WINDOWS\SYSTEM32\DBGHELP.DLL
0x00007ffad6b10000 - 0x00007ffad6e95000 	C:\WINDOWS\System32\combase.dll
0x00007ffad7b50000 - 0x00007ffad7c29000 	C:\WINDOWS\System32\OLEAUT32.dll
0x00007ffaaaa90000 - 0x00007ffaaaacb000 	C:\WINDOWS\SYSTEM32\dbgcore.DLL
0x00007ffad6700000 - 0x00007ffad67ac000 	C:\WINDOWS\System32\bcryptPrimitives.dll
0x00007ffaced80000 - 0x00007ffaced8f000 	c:\Users\Lenovo\.vscode\extensions\redhat.java-1.56.0-win32-x64\jre\21.0.12.1-win32-x86_64\bin\instrument.dll
0x00007ffac4f10000 - 0x00007ffac4f30000 	c:\Users\Lenovo\.vscode\extensions\redhat.java-1.56.0-win32-x64\jre\21.0.12.1-win32-x86_64\bin\java.dll
0x00007ffad8040000 - 0x00007ffad87d8000 	C:\WINDOWS\System32\SHELL32.dll
0x00007ffad36e0000 - 0x00007ffad3f8e000 	C:\WINDOWS\SYSTEM32\windows.storage.dll
0x00007ffad7c40000 - 0x00007ffad7d3b000 	C:\WINDOWS\System32\SHCORE.dll
0x00007ffad87e0000 - 0x00007ffad8846000 	C:\WINDOWS\System32\shlwapi.dll
0x00007ffad5bc0000 - 0x00007ffad5be9000 	C:\WINDOWS\SYSTEM32\profapi.dll
0x00007ffac4ef0000 - 0x00007ffac4f08000 	c:\Users\Lenovo\.vscode\extensions\redhat.java-1.56.0-win32-x64\jre\21.0.12.1-win32-x86_64\bin\zip.dll
0x00007ffac52b0000 - 0x00007ffac52c0000 	C:\Users\Lenovo\.vscode\extensions\redhat.java-1.56.0-win32-x64\jre\21.0.12.1-win32-x86_64\bin\net.dll
0x00007ffacdca0000 - 0x00007ffacddca000 	C:\WINDOWS\SYSTEM32\WINHTTP.dll
0x00007ffad4f30000 - 0x00007ffad4f9c000 	C:\WINDOWS\system32\mswsock.dll
0x00007ffac4270000 - 0x00007ffac4286000 	C:\Users\Lenovo\.vscode\extensions\redhat.java-1.56.0-win32-x64\jre\21.0.12.1-win32-x86_64\bin\nio.dll
0x00007ffac50a0000 - 0x00007ffac50b0000 	c:\Users\Lenovo\.vscode\extensions\redhat.java-1.56.0-win32-x64\jre\21.0.12.1-win32-x86_64\bin\verify.dll
0x00007ffac03a0000 - 0x00007ffac03e5000 	C:\Users\Lenovo\AppData\Roaming\Code\User\globalStorage\redhat.java\1.56.0\config_win\org.eclipse.equinox.launcher\org.eclipse.equinox.launcher.win32.win32.x86_64_1.3.100.v20260804-1928\eclipse_11924.dll
0x00007ffad7e00000 - 0x00007ffad7f9a000 	C:\WINDOWS\System32\ole32.dll
0x00007ffac5040000 - 0x00007ffac504a000 	C:\Users\Lenovo\.vscode\extensions\redhat.java-1.56.0-win32-x64\jre\21.0.12.1-win32-x86_64\bin\management.dll
0x00007ffac4ee0000 - 0x00007ffac4eec000 	C:\Users\Lenovo\.vscode\extensions\redhat.java-1.56.0-win32-x64\jre\21.0.12.1-win32-x86_64\bin\management_ext.dll
0x00007ffad6ea0000 - 0x00007ffad6ea8000 	C:\WINDOWS\System32\PSAPI.DLL
0x00007ffad5220000 - 0x00007ffad523b000 	C:\WINDOWS\SYSTEM32\CRYPTSP.dll
0x00007ffad48a0000 - 0x00007ffad48d9000 	C:\WINDOWS\system32\rsaenh.dll
0x00007ffad4fe0000 - 0x00007ffad5014000 	C:\WINDOWS\SYSTEM32\USERENV.dll
0x00007ffad5b90000 - 0x00007ffad5bba000 	C:\WINDOWS\SYSTEM32\bcrypt.dll
0x00007ffad5240000 - 0x00007ffad524c000 	C:\WINDOWS\SYSTEM32\CRYPTBASE.dll
0x00007ffad42e0000 - 0x00007ffad4313000 	C:\WINDOWS\SYSTEM32\IPHLPAPI.DLL
0x00007ffad6eb0000 - 0x00007ffad6eba000 	C:\WINDOWS\System32\NSI.dll
0x00007ffab3040000 - 0x00007ffab3089000 	C:\Users\Lenovo\AppData\Local\Temp\jna--2022488749\jna2992383728546364629.dll
0x00007ffacdf40000 - 0x00007ffacdf5d000 	C:\WINDOWS\SYSTEM32\dhcpcsvc6.DLL
0x00007ffacdc70000 - 0x00007ffacdc95000 	C:\WINDOWS\SYSTEM32\dhcpcsvc.DLL
0x00007ffac4ea0000 - 0x00007ffac4eae000 	C:\Users\Lenovo\.vscode\extensions\redhat.java-1.56.0-win32-x64\jre\21.0.12.1-win32-x86_64\bin\sunmscapi.dll
0x00007ffad5ca0000 - 0x00007ffad5e1e000 	C:\WINDOWS\System32\CRYPT32.dll
0x00007ffad5460000 - 0x00007ffad5490000 	C:\WINDOWS\SYSTEM32\ncrypt.dll
0x00007ffad5410000 - 0x00007ffad544f000 	C:\WINDOWS\SYSTEM32\NTASN1.dll
0x00007ffad4370000 - 0x00007ffad44c8000 	C:\WINDOWS\SYSTEM32\DNSAPI.dll
0x00007ffad4d10000 - 0x00007ffad4d1d000 	C:\WINDOWS\SYSTEM32\DSPARSE.dll
0x00007ffaca9b0000 - 0x00007ffaca9bb000 	C:\Windows\System32\rasadhlp.dll
0x00007ffacd530000 - 0x00007ffacd5b6000 	C:\WINDOWS\System32\fwpuclnt.dll
0x00007ffac4b60000 - 0x00007ffac4b69000 	C:\Users\Lenovo\.vscode\extensions\redhat.java-1.56.0-win32-x64\jre\21.0.12.1-win32-x86_64\bin\extnet.dll

JVMTI agents:
c:\Users\Lenovo\.vscode\extensions\redhat.java-1.56.0-win32-x64\lombok\lombok-1.18.39-4050.jar path:c:\Users\Lenovo\.vscode\extensions\redhat.java-1.56.0-win32-x64\jre\21.0.12.1-win32-x86_64\bin\instrument.dll, loaded, initialized, instrumentlib options:none

dbghelp: loaded successfully - version: 4.0.5 - missing functions: none
symbol engine: initialized successfully - sym options: 0x614 - pdb path: .;c:\Users\Lenovo\.vscode\extensions\redhat.java-1.56.0-win32-x64\jre\21.0.12.1-win32-x86_64\bin;C:\WINDOWS\SYSTEM32;C:\WINDOWS\WinSxS\amd64_microsoft.windows.common-controls_6595b64144ccf1df_6.0.26100.9278_none_3e0d1ba8e3303201;c:\Users\Lenovo\.vscode\extensions\redhat.java-1.56.0-win32-x64\jre\21.0.12.1-win32-x86_64\bin\server;C:\Users\Lenovo\AppData\Roaming\Code\User\globalStorage\redhat.java\1.56.0\config_win\org.eclipse.equinox.launcher\org.eclipse.equinox.launcher.win32.win32.x86_64_1.3.100.v20260804-1928;C:\Users\Lenovo\AppData\Local\Temp\jna--2022488749

VM Arguments:
jvm_args: --add-modules=ALL-SYSTEM --add-opens=java.base/java.util=ALL-UNNAMED --add-opens=java.base/java.lang=ALL-UNNAMED --add-opens=java.base/sun.nio.fs=ALL-UNNAMED -Declipse.application=org.eclipse.jdt.ls.core.id1 -Dosgi.bundles.defaultStartLevel=4 -Declipse.product=org.eclipse.jdt.ls.core.product -Djava.import.generatesMetadataFilesAtProjectRoot=false -Dm2e.project.cache.size=50 -DDetectVMInstallationsJob.disabled=true -Dfile.encoding=utf8 -XX:+UseParallelGC -XX:GCTimeRatio=4 -XX:AdaptiveSizePolicyWeight=90 -Dsun.zip.disableMemoryMapping=true -Xmx2G -Xms100m -Xlog:disable -javaagent:c:\Users\Lenovo\.vscode\extensions\redhat.java-1.56.0-win32-x64\lombok\lombok-1.18.39-4050.jar -XX:+HeapDumpOnOutOfMemoryError -XX:HeapDumpPath=c:\Users\Lenovo\AppData\Roaming\Code\User\workspaceStorage\f4a6fd43eeb16c528683ee9340919e75\redhat.java -Daether.dependencyCollector.impl=bf 
java_command: c:\Users\Lenovo\.vscode\extensions\redhat.java-1.56.0-win32-x64\server\plugins\org.eclipse.equinox.launcher_1.8.0.v20260804-1928.jar -configuration c:\Users\Lenovo\AppData\Roaming\Code\User\globalStorage\redhat.java\1.56.0\config_win -data c:\Users\Lenovo\AppData\Roaming\Code\User\workspaceStorage\f4a6fd43eeb16c528683ee9340919e75\redhat.java\jdt_ws --pipe=\\.\pipe\lsp-bfd47aed5b57ae6858e39ff82ad102cb-sock
java_class_path (initial): c:\Users\Lenovo\.vscode\extensions\redhat.java-1.56.0-win32-x64\server\plugins\org.eclipse.equinox.launcher_1.8.0.v20260804-1928.jar
Launcher Type: SUN_STANDARD

[Global flags]
    uintx AdaptiveSizePolicyWeight                 = 90                                        {product} {command line}
     intx CICompilerCount                          = 4                                         {product} {ergonomic}
    uintx GCTimeRatio                              = 4                                         {product} {command line}
     bool HeapDumpOnOutOfMemoryError               = true                                   {manageable} {command line}
    ccstr HeapDumpPath                             = c:\Users\Lenovo\AppData\Roaming\Code\User\workspaceStorage\f4a6fd43eeb16c528683ee9340919e75\redhat.java         {manageable} {command line}
   size_t InitialHeapSize                          = 104857600                                 {product} {command line}
   size_t MaxHeapSize                              = 2147483648                                {product} {command line}
   size_t MaxNewSize                               = 715653120                                 {product} {ergonomic}
   size_t MinHeapDeltaBytes                        = 524288                                    {product} {ergonomic}
   size_t MinHeapSize                              = 104857600                                 {product} {command line}
   size_t NewSize                                  = 34603008                                  {product} {ergonomic}
    uintx NonNMethodCodeHeapSize                   = 5839372                                {pd product} {ergonomic}
    uintx NonProfiledCodeHeapSize                  = 122909434                              {pd product} {ergonomic}
   size_t OldSize                                  = 70254592                                  {product} {ergonomic}
    uintx ProfiledCodeHeapSize                     = 122909434                              {pd product} {ergonomic}
    uintx ReservedCodeCacheSize                    = 251658240                              {pd product} {ergonomic}
     bool SegmentedCodeCache                       = true                                      {product} {ergonomic}
   size_t SoftMaxHeapSize                          = 2147483648                             {manageable} {ergonomic}
     bool UseCompressedOops                        = true                           {product lp64_product} {ergonomic}
     bool UseLargePagesIndividualAllocation        = false                                  {pd product} {ergonomic}
     bool UseParallelGC                            = true                                      {product} {command line}

Logging:
Log output configuration:
 #0: stdout all=off uptime,level,tags foldmultilines=false
 #1: stderr all=off uptime,level,tags foldmultilines=false

Release file:
JAVA_VERSION="21.0.12.1" 
MODULES="java.base java.compiler java.datatransfer java.xml java.prefs java.desktop java.instrument java.logging java.management java.security.sasl java.naming java.rmi java.management.rmi java.net.http java.scripting java.security.jgss java.transaction.xa java.sql java.sql.rowset java.xml.crypto java.se java.smartcardio jdk.accessibility jdk.internal.jvmstat jdk.attach jdk.charsets jdk.internal.opt jdk.zipfs jdk.compiler jdk.crypto.ec jdk.crypto.cryptoki jdk.crypto.mscapi jdk.dynalink jdk.internal.ed jdk.editpad jdk.hotspot.agent jdk.httpserver jdk.internal.le jdk.internal.vm.ci jdk.internal.vm.compiler jdk.internal.vm.compiler.management jdk.jartool jdk.javadoc jdk.jcmd jdk.management jdk.management.agent jdk.jconsole jdk.jdeps jdk.jdwp.agent jdk.jdi jdk.jfr jdk.jshell jdk.jsobject jdk.jstatd jdk.localedata jdk.management.jfr jdk.naming.dns jdk.naming.rmi jdk.net jdk.nio.mapmode jdk.random jdk.sctp jdk.security.auth jdk.security.jgss jdk.unsupported jdk.unsupported.desktop jdk.xml.dom" 

Environment Variables:
JAVA_HOME=C:\Program Files\Java\jdk-21.0.10
PATH=C:\Program Files\Microsoft SDKs\Azure\CLI2\wbin;C:\Program Files\Python311\Scripts\;C:\Program Files\Python311\;C:\Program Files\Java\jdk-21.0.10\bin;C:\Program Files\nodejs\;C:\WINDOWS\system32;C:\WINDOWS;C:\WINDOWS\System32\Wbem;C:\WINDOWS\System32\WindowsPowerShell\v1.0\;C:\WINDOWS\System32\OpenSSH\;C:\Program Files\Git\cmd;C:\Program Files\dotnet\;C:\Program Files\Microsoft SQL Server\170\Tools\Binn\;C:\Program Files\Microsoft SQL Server\Client SDK\ODBC\170\Tools\Binn\;C:\Program Files (x86)\Windows Kits\10\Windows Performance Toolkit\;C:\Program Files\Docker\Docker\resources\bin;C:\Program Files\Microsoft SQL Server\170\DTS\Binn\;C:\Program Files\apache-maven-3.9.x\apache-maven-3.9.16\bin;C:\Users\Lenovo\AppData\Roaming\npm;C:\Users\Lenovo\AppData\Local\Programs\Antigravity\bin;C:\Users\Lenovo\AppData\Local\Microsoft\WindowsApps;C:\Users\Lenovo\AppData\Local\Programs\cursor\resources\app\bin;C:\Users\Lenovo\AppData\Local\GitHubDesktop\bin;C:\Users\Lenovo\AppData\Local\Programs\Microsoft VS Code Insiders\bin;C:\Users\Lenovo\AppData\Local\Programs\Microsoft VS Code\bin;C:\Users\Lenovo\.dotnet\tools;C:\Users\Lenovo\AppData\Local\JetBrains\Toolbox\scripts;
USERNAME=Lenovo
OS=Windows_NT
PROCESSOR_IDENTIFIER=Intel64 Family 6 Model 165 Stepping 2, GenuineIntel
TMP=C:\Users\Lenovo\AppData\Local\Temp
TEMP=C:\Users\Lenovo\AppData\Local\Temp




Periodic native trim disabled

---------------  S Y S T E M  ---------------

OS:
 Windows 11 , 64 bit Build 26100 (10.0.26100.9444)
OS uptime: 0 days 10:03 hours
Hyper-V role detected

CPU: total 8 (initial active 8) (4 cores per cpu, 2 threads per core) family 6 model 165 stepping 2 microcode 0xea, cx8, cmov, fxsr, ht, mmx, 3dnowpref, sse, sse2, sse3, ssse3, sse4.1, sse4.2, popcnt, lzcnt, tsc, tscinvbit, avx, avx2, aes, erms, clmul, bmi1, bmi2, adx, fma, vzeroupper, clflush, clflushopt, hv, rdtscp, f16c
Processor Information for the first 8 processors :
  Max Mhz: 2496, Current Mhz: 2496, Mhz Limit: 2496

Memory: 4k page, system-wide physical 8059M (719M free)
TotalPageFile size 14087M (AvailPageFile size 37M)
current process WorkingSet (physical memory assigned to process): 320M, peak: 818M
current process commit charge ("private bytes"): 718M, peak: 761M

vm_info: OpenJDK 64-Bit Server VM (21.0.12.1+1-LTS) for windows-amd64 JRE (21.0.12.1+1-LTS), built on 2026-08-18T00:00:00Z by "admin" with MS VC++ 17.12 (VS2022)

END.
